---
source: crates/oxc_formatter/tests/fixtures/mod.rs
---
==================== Input ====================
(<IJSONSchema>(
  compoundConfigurationsSchema.items
)).oneOf![1].properties!.folder.enum = folderNames;

==================== Output ====================
(<IJSONSchema>(
  compoundConfigurationsSchema.items
)).oneOf![1].properties!.folder.enum = folderNames;

===================== End =====================
