---
source: crates/oxc_formatter/tests/fixtures/mod.rs
---
==================== Input ====================
const A = {
  "--theme-primary": `hsl(${theme?.activeColor[
    mode === "dark" ? "dark" : "light"
  ]})`,
};
==================== Output ====================
const A = {
  "--theme-primary": `hsl(${
    theme?.activeColor[mode === "dark" ? "dark" : "light"]
  })`,
};

===================== End =====================
