---
source: crates/oxc_formatter/tests/fixtures/mod.rs
---
==================== Input ====================
const A = `${{ a: 1, b: 2 }} ${[1, 2, 3]} ${(x) => x * x}`;

==================== Output ====================
const A = `${{ a: 1, b: 2 }} ${[1, 2, 3]} ${(x) => x * x}`;

===================== End =====================
