---
source: crates/oxc_formatter/tests/fixtures/mod.rs
---
==================== Input ====================
// prettier-ignore
Object.defineProperties    (    exports    , {
})

/* prettier-ignore */
(() => 
  c +
    b +
  d
)
==================== Output ====================
// prettier-ignore
Object.defineProperties    (    exports    , {
})

/* prettier-ignore */
(() => 
  c +
    b +
  d
)

===================== End =====================
