---
source: crates/oxc_formatter/tests/fixtures/mod.rs
---
==================== Input ====================
cb(
  overflowing ? 'absolute top-0' : 'relative', // sidebar custom changes - to contain the absolute sidebar below
  parameter
)

cb(
  overflowing ? 'absolute top-0' : 'relative' /* */, // sidebar custom changes - to contain the absolute sidebar below
  parameter
)
==================== Output ====================
cb(
  overflowing ? "absolute top-0" : "relative", // sidebar custom changes - to contain the absolute sidebar below
  parameter,
);

cb(
  overflowing ? "absolute top-0" : "relative" /* */, // sidebar custom changes - to contain the absolute sidebar below
  parameter,
);

===================== End =====================
