---
source: crates/oxc_formatter/tests/fixtures/mod.rs
---
==================== Input ====================
export type Bar<T> = {[P in keyof T]: string}

==================== Output ====================
------------------------
{ bracketSpacing: true }
------------------------
export type Bar<T> = { [P in keyof T]: string };

-------------------------
{ bracketSpacing: false }
-------------------------
export type Bar<T> = {[P in keyof T]: string};

===================== End =====================
