---
source: crates/oxc_formatter/tests/fixtures/mod.rs
---
==================== Input ====================
 const assertFilteringFor = (expected: {
   [T in TestFilterTerm]?: boolean;
 }) => {};
 
==================== Output ====================
const assertFilteringFor = (expected: {
  [T in TestFilterTerm]?: boolean;
}) => {};

===================== End =====================
