---
source: crates/oxc_formatter/tests/fixtures/mod.rs
---
==================== Input ====================
type _Test = {
  [T in number]: T;
  // If there are any BinaryOperator members that don't have a corresponding
  // BinaryOperatorToText, then this line will error with "Type 'T' cannot
  // be used to index type 'BinaryOperatorToText'."
};

==================== Output ====================
type _Test = {
  [T in number]: T;
  // If there are any BinaryOperator members that don't have a corresponding
  // BinaryOperatorToText, then this line will error with "Type 'T' cannot
  // be used to index type 'BinaryOperatorToText'."
};

===================== End =====================
