---
source: crates/oxc_formatter/tests/fixtures/mod.rs
---
==================== Input ====================
const fixturePackageJson = (
  await import(
    pathToFileURL(path.join(fixtureDir, 'package.json')).href,
    { with: { type: 'json' } }
  )
).default;

==================== Output ====================
const fixturePackageJson = (
  await import(pathToFileURL(path.join(fixtureDir, "package.json")).href, {
    with: { type: "json" },
  })
).default;

===================== End =====================
