---
source: crates/oxc_formatter/tests/fixtures/mod.rs
---
==================== Input ====================
vite = await (
  await import('vite')
).createServer({
  appType
})
==================== Output ====================
vite = await (
  await import("vite")
).createServer({
  appType,
});

===================== End =====================
