---
source: crates/oxc_formatter/tests/fixtures/mod.rs
---
==================== Input ====================
() =>
  // comment
  [];

() =>
  // comment
  ({})

==================== Output ====================
() =>
  // comment
  [];

() =>
  // comment
  ({});

===================== End =====================
