---
source: crates/oxc_formatter/tests/fixtures/mod.rs
---
==================== Input ====================
if (base.endsWith('.js') || base === `/worker-entries`); // for dev
if (base.endsWith('.js') || base === `/worker-entries`) base = '' // for dev
if (base.endsWith('.js') || base === `/worker-entries`) a; // for dev

==================== Output ====================
if (base.endsWith(".js") || base === `/worker-entries`); // for dev
if (base.endsWith(".js") || base === `/worker-entries`) base = ""; // for dev
if (base.endsWith(".js") || base === `/worker-entries`) a; // for dev

===================== End =====================
