---
source: crates/oxc_formatter/tests/fixtures/mod.rs
---
==================== Input ====================
{
  RESOLUTION_CACHE = new ExpiringCache(
    options.singleRun
      ? 'Infinity'
      : (options.cacheLifetime?.glob ??
        DEFAULT_TSCONFIG_CACHE_DURATION_SECONDS),
  );
}

==================== Output ====================
{
  RESOLUTION_CACHE = new ExpiringCache(
    options.singleRun
      ? "Infinity"
      : (options.cacheLifetime?.glob ??
        DEFAULT_TSCONFIG_CACHE_DURATION_SECONDS),
  );
}

===================== End =====================
