---
source: crates/oxc_formatter/tests/fixtures/mod.rs
---
==================== Input ====================
(id) =>
  id
    .replace('@', resolve(__dirname, './mods/'))
    .replace('#', resolve(__dirname, '../../'))

==================== Output ====================
(id) =>
  id
    .replace("@", resolve(__dirname, "./mods/"))
    .replace("#", resolve(__dirname, "../../"));

===================== End =====================
