commit: 81c95189

codegen_typescript Summary:
AST Parsed     : 6561/6561 (100.00%)
Positive Passed: 6561/6561 (100.00%)
