transformer_misc Summary:
AST Parsed     : 41/41 (100.00%)
Positive Passed: 41/41 (100.00%)
