commit: 81c95189

transformer_typescript Summary:
AST Parsed     : 7894/7894 (100.00%)
Positive Passed: 7890/7894 (99.95%)
Mismatch: tasks/coverage/typescript/tests/cases/compiler/esDecoratorsClassFieldsCrash.ts

Mismatch: tasks/coverage/typescript/tests/cases/conformance/classes/propertyMemberDeclarations/autoAccessor2.ts

Mismatch: tasks/coverage/typescript/tests/cases/conformance/esDecorators/classDeclaration/fields/esDecorators-classDeclaration-fields-staticPrivateAccessor.ts

Mismatch: tasks/coverage/typescript/tests/cases/conformance/esDecorators/classExpression/esDecorators-classExpression-commentPreservation.ts

